// Jest Snapshot v1, https://goo.gl/fbAQLP

exports[`NavBar component Renders UI as expected 1`] = `
<div
  className="NavBar"
>
  <header>
    <a
      href="/"
      onClick={[Function]}
    >
      <img
        alt="all-in-education-logo"
        id="main-logo"
        src="all-in-logo.png"
      />
    </a>
    <a
      href="/admin-login"
    >
      <button
        id="admin-login-button"
      >
        Admin Login
      </button>
    </a>
  </header>
</div>
`;
